The device being used is cpu.
Dataset: ELM | Seed: 0 | Basis: none | Degree: 3 | T: 1.0
Split sizes: train=1740 val=497 test=249 | input_dim=15 output_dim=10
Using STATIC (identity) baseline -- no time-parameterization.
Trainable Parameters: 1965
Iter 0020 | Val RelErr: 0.365908
Iter 0040 | Val RelErr: 0.302962
Iter 0060 | Val RelErr: 0.316883
  No improvement (1/5 checks since last best)
Iter 0080 | Val RelErr: 0.298734
Iter 0100 | Val RelErr: 0.288203
Iter 0120 | Val RelErr: 0.303949
  No improvement (1/5 checks since last best)
Iter 0140 | Val RelErr: 0.282524
Iter 0160 | Val RelErr: 0.301980
  No improvement (1/5 checks since last best)
Iter 0180 | Val RelErr: 0.294879
  No improvement (2/5 checks since last best)
Iter 0200 | Val RelErr: 0.292604
  No improvement (3/5 checks since last best)
Iter 0220 | Val RelErr: 0.289112
  No improvement (4/5 checks since last best)
Iter 0240 | Val RelErr: 0.299429
  No improvement (5/5 checks since last best)

Early stopping triggered at iter 240 (no improvement for 5 consecutive val checks). Reporting best checkpoint from iter 140.
Evaluating TRAIN region: 0 calls [00:00, ? calls/s]Evaluating TRAIN region (done, 110 calls): : 0 calls [00:00, ? calls/s]Evaluating TRAIN region (done, 110 calls): : 0 calls [00:00, ? calls/s]
Evaluating VAL region: 0 calls [00:00, ? calls/s]Evaluating VAL region (done, 110 calls): : 0 calls [00:00, ? calls/s]Evaluating VAL region (done, 110 calls): : 0 calls [00:00, ? calls/s]
Evaluating TEST region (held out): 0 calls [00:00, ? calls/s]Evaluating TEST region (held out) (done, 110 calls): : 0 calls [00:00, ? calls/s]Evaluating TEST region (held out) (done, 110 calls): : 0 calls [00:00, ? calls/s]

Training complete (stopped_early=True, best_iter=140).
  TRAIN relerr: 0.289649 (NFE: 110)
  VAL   relerr: 0.282524 (NFE: 110)  [selection criterion]
  TEST  relerr: 0.268058 (NFE: 110)  [held out, reported once]
Saved run summary to results/results_table5_ELM_none_d3_seed0.json
