The device being used is cpu.
Dataset: CDR | Seed: 0 | Basis: monomial | Degree: 3 | T: 1.0
Split sizes: train=400 val=200 test=200 | input_dim=55 output_dim=72
Trainable Parameters: 6687
Iter 0020 | Val RelErr: 0.469955
Iter 0040 | Val RelErr: 0.185330
Iter 0060 | Val RelErr: 0.109162
Iter 0080 | Val RelErr: 0.177496
  No improvement (1/5 checks since last best)
Iter 0100 | Val RelErr: 0.100272
Iter 0120 | Val RelErr: 0.081427
Iter 0140 | Val RelErr: 0.075500
Iter 0160 | Val RelErr: 0.073808
Iter 0180 | Val RelErr: 0.054221
Iter 0200 | Val RelErr: 0.047185
Iter 0220 | Val RelErr: 0.033125
Iter 0240 | Val RelErr: 0.028712
Iter 0260 | Val RelErr: 0.028952
  No improvement (1/5 checks since last best)
Iter 0280 | Val RelErr: 0.024803
Iter 0300 | Val RelErr: 0.023333
Iter 0320 | Val RelErr: 0.039785
  No improvement (1/5 checks since last best)
Iter 0340 | Val RelErr: 0.024550
  No improvement (2/5 checks since last best)
Iter 0360 | Val RelErr: 0.022483
Iter 0380 | Val RelErr: 0.026365
  No improvement (1/5 checks since last best)
Iter 0400 | Val RelErr: 0.025685
  No improvement (2/5 checks since last best)
Iter 0420 | Val RelErr: 0.033211
  No improvement (3/5 checks since last best)
Iter 0440 | Val RelErr: 0.032062
  No improvement (4/5 checks since last best)
Iter 0460 | Val RelErr: 0.033009
  No improvement (5/5 checks since last best)

Early stopping triggered at iter 460 (no improvement for 5 consecutive val checks). Reporting best checkpoint from iter 360.
Evaluating TRAIN region: 0 calls [00:00, ? calls/s]Evaluating TRAIN region (done, 230 calls): : 0 calls [00:08, ? calls/s]Evaluating TRAIN region (done, 230 calls): : 0 calls [00:08, ? calls/s]
Evaluating VAL region: 0 calls [00:00, ? calls/s]Evaluating VAL region (done, 200 calls): : 0 calls [00:03, ? calls/s]Evaluating VAL region (done, 200 calls): : 0 calls [00:03, ? calls/s]
Evaluating TEST region (held out): 0 calls [00:00, ? calls/s]Evaluating TEST region (held out) (done, 194 calls): : 0 calls [00:03, ? calls/s]Evaluating TEST region (held out) (done, 194 calls): : 0 calls [00:03, ? calls/s]

Training complete (stopped_early=True, best_iter=360).
  TRAIN relerr: 0.020517 (NFE: 230)
  VAL   relerr: 0.022483 (NFE: 200)  [selection criterion]
  TEST  relerr: 0.021498 (NFE: 194)  [held out, reported once]
Saved run summary to results/results_table5_CDR_monomial_d3_seed0.json
