The device being used is cpu.
Dataset: ELM | Seed: 1 | Basis: legendre | Degree: 3 | T: 1.0
Split sizes: train=1740 val=497 test=249 | input_dim=15 output_dim=10
Trainable Parameters: 5095
Iter 0020 | Val RelErr: 0.369329
Iter 0040 | Val RelErr: 0.318758
Iter 0060 | Val RelErr: 0.289713
Iter 0080 | Val RelErr: 0.303921
  No improvement (1/5 checks since last best)
Iter 0100 | Val RelErr: 0.285513
Iter 0120 | Val RelErr: 0.298200
  No improvement (1/5 checks since last best)
Iter 0140 | Val RelErr: 0.291867
  No improvement (2/5 checks since last best)
Iter 0160 | Val RelErr: 0.291002
  No improvement (3/5 checks since last best)
Iter 0180 | Val RelErr: 0.295682
  No improvement (4/5 checks since last best)
Iter 0200 | Val RelErr: 0.285859
  No improvement (5/5 checks since last best)

Early stopping triggered at iter 200 (no improvement for 5 consecutive val checks). Reporting best checkpoint from iter 100.
Evaluating TRAIN region: 0 calls [00:00, ? calls/s]Evaluating TRAIN region (done, 188 calls): : 0 calls [00:29, ? calls/s]Evaluating TRAIN region (done, 188 calls): : 0 calls [00:29, ? calls/s]
Evaluating VAL region: 0 calls [00:00, ? calls/s]Evaluating VAL region (done, 236 calls): : 0 calls [00:10, ? calls/s]Evaluating VAL region (done, 236 calls): : 0 calls [00:10, ? calls/s]
Evaluating TEST region (held out): 0 calls [00:00, ? calls/s]Evaluating TEST region (held out) (done, 212 calls): : 0 calls [00:04, ? calls/s]Evaluating TEST region (held out) (done, 212 calls): : 0 calls [00:04, ? calls/s]

Training complete (stopped_early=True, best_iter=100).
  TRAIN relerr: 0.294105 (NFE: 188)
  VAL   relerr: 0.285513 (NFE: 236)  [selection criterion]
  TEST  relerr: 0.275477 (NFE: 212)  [held out, reported once]
Saved run summary to results/results_table5_ELM_legendre_d3_seed1.json
