The device being used is cpu.
Dataset: ELM | Seed: 3 | Basis: monomial | Degree: 3 | T: 1.0
Split sizes: train=1740 val=497 test=249 | input_dim=15 output_dim=10
Trainable Parameters: 5095
Iter 0020 | Val RelErr: 0.410155
Iter 0040 | Val RelErr: 0.348647
Iter 0060 | Val RelErr: 0.302578
Iter 0080 | Val RelErr: 0.321190
  No improvement (1/5 checks since last best)
Iter 0100 | Val RelErr: 0.303603
  No improvement (2/5 checks since last best)
Iter 0120 | Val RelErr: 0.290633
Iter 0140 | Val RelErr: 0.294805
  No improvement (1/5 checks since last best)
Iter 0160 | Val RelErr: 0.293888
  No improvement (2/5 checks since last best)
Iter 0180 | Val RelErr: 0.296083
  No improvement (3/5 checks since last best)
Iter 0200 | Val RelErr: 0.282549
Iter 0220 | Val RelErr: 0.287186
  No improvement (1/5 checks since last best)
Iter 0240 | Val RelErr: 0.302869
  No improvement (2/5 checks since last best)
Iter 0260 | Val RelErr: 0.295374
  No improvement (3/5 checks since last best)
Iter 0280 | Val RelErr: 0.292689
  No improvement (4/5 checks since last best)
Iter 0300 | Val RelErr: 0.284472
  No improvement (5/5 checks since last best)

Early stopping triggered at iter 300 (no improvement for 5 consecutive val checks). Reporting best checkpoint from iter 200.
Evaluating TRAIN region: 0 calls [00:00, ? calls/s]Evaluating TRAIN region (done, 230 calls): : 0 calls [00:35, ? calls/s]Evaluating TRAIN region (done, 230 calls): : 0 calls [00:35, ? calls/s]
Evaluating VAL region: 0 calls [00:00, ? calls/s]Evaluating VAL region (done, 236 calls): : 0 calls [00:10, ? calls/s]Evaluating VAL region (done, 236 calls): : 0 calls [00:10, ? calls/s]
Evaluating TEST region (held out): 0 calls [00:00, ? calls/s]Evaluating TEST region (held out) (done, 248 calls): : 0 calls [00:05, ? calls/s]Evaluating TEST region (held out) (done, 248 calls): : 0 calls [00:05, ? calls/s]

Training complete (stopped_early=True, best_iter=200).
  TRAIN relerr: 0.288673 (NFE: 230)
  VAL   relerr: 0.282549 (NFE: 236)  [selection criterion]
  TEST  relerr: 0.272371 (NFE: 248)  [held out, reported once]
Saved run summary to results/results_table5_ELM_monomial_d3_seed3.json
