The device being used is cpu.
Dataset: CDR | Seed: 2 | Basis: none | Degree: 3 | T: 1.0
Split sizes: train=400 val=200 test=200 | input_dim=55 output_dim=72
Using STATIC (identity) baseline -- no time-parameterization.
Trainable Parameters: 3557
Iter 0020 | Val RelErr: 0.589406
Iter 0040 | Val RelErr: 0.318881
Iter 0060 | Val RelErr: 0.305591
Iter 0080 | Val RelErr: 0.235013
Iter 0100 | Val RelErr: 0.125024
Iter 0120 | Val RelErr: 0.149763
  No improvement (1/5 checks since last best)
Iter 0140 | Val RelErr: 0.061777
Iter 0160 | Val RelErr: 0.041814
Iter 0180 | Val RelErr: 0.032780
Iter 0200 | Val RelErr: 0.029229
Iter 0220 | Val RelErr: 0.029648
  No improvement (1/5 checks since last best)
Iter 0240 | Val RelErr: 0.023801
Iter 0260 | Val RelErr: 0.024709
  No improvement (1/5 checks since last best)
Iter 0280 | Val RelErr: 0.024221
  No improvement (2/5 checks since last best)
Iter 0300 | Val RelErr: 0.041695
  No improvement (3/5 checks since last best)
Iter 0320 | Val RelErr: 0.030601
  No improvement (4/5 checks since last best)
Iter 0340 | Val RelErr: 0.026037
  No improvement (5/5 checks since last best)

Early stopping triggered at iter 340 (no improvement for 5 consecutive val checks). Reporting best checkpoint from iter 240.
Evaluating TRAIN region: 0 calls [00:00, ? calls/s]Evaluating TRAIN region (done, 92 calls): : 0 calls [00:00, ? calls/s]Evaluating TRAIN region (done, 92 calls): : 0 calls [00:00, ? calls/s]
Evaluating VAL region: 0 calls [00:00, ? calls/s]Evaluating VAL region (done, 98 calls): : 0 calls [00:00, ? calls/s]Evaluating VAL region (done, 98 calls): : 0 calls [00:00, ? calls/s]
Evaluating TEST region (held out): 0 calls [00:00, ? calls/s]Evaluating TEST region (held out) (done, 98 calls): : 0 calls [00:00, ? calls/s]Evaluating TEST region (held out) (done, 98 calls): : 0 calls [00:00, ? calls/s]

Training complete (stopped_early=True, best_iter=240).
  TRAIN relerr: 0.021227 (NFE: 92)
  VAL   relerr: 0.023801 (NFE: 98)  [selection criterion]
  TEST  relerr: 0.024069 (NFE: 98)  [held out, reported once]
Saved run summary to results/results_table5_CDR_none_d3_seed2.json
