The device being used is cpu.
Dataset: CDR | Seed: 0 | Basis: none | Degree: 3 | T: 1.0
Split sizes: train=400 val=200 test=200 | input_dim=55 output_dim=72
Using STATIC (identity) baseline -- no time-parameterization.
Trainable Parameters: 3557
Iter 0020 | Val RelErr: 0.633673
Iter 0040 | Val RelErr: 0.199138
Iter 0060 | Val RelErr: 0.118434
Iter 0080 | Val RelErr: 0.113841
Iter 0100 | Val RelErr: 0.094073
Iter 0120 | Val RelErr: 0.091811
Iter 0140 | Val RelErr: 0.076532
Iter 0160 | Val RelErr: 0.059137
Iter 0180 | Val RelErr: 0.051178
Iter 0200 | Val RelErr: 0.035486
Iter 0220 | Val RelErr: 0.038270
  No improvement (1/5 checks since last best)
Iter 0240 | Val RelErr: 0.029319
Iter 0260 | Val RelErr: 0.031237
  No improvement (1/5 checks since last best)
Iter 0280 | Val RelErr: 0.026616
Iter 0300 | Val RelErr: 0.025809
Iter 0320 | Val RelErr: 0.029608
  No improvement (1/5 checks since last best)
Iter 0340 | Val RelErr: 0.024581
Iter 0360 | Val RelErr: 0.027864
  No improvement (1/5 checks since last best)
Iter 0380 | Val RelErr: 0.022966
Iter 0400 | Val RelErr: 0.026400
  No improvement (1/5 checks since last best)
Iter 0420 | Val RelErr: 0.021034
Iter 0440 | Val RelErr: 0.029902
  No improvement (1/5 checks since last best)
Iter 0460 | Val RelErr: 0.023623
  No improvement (2/5 checks since last best)
Iter 0480 | Val RelErr: 0.021326
  No improvement (3/5 checks since last best)
Iter 0500 | Val RelErr: 0.026062
  No improvement (4/5 checks since last best)
Iter 0520 | Val RelErr: 0.020242
Iter 0540 | Val RelErr: 0.017200
Iter 0560 | Val RelErr: 0.018653
  No improvement (1/5 checks since last best)
Iter 0580 | Val RelErr: 0.020824
  No improvement (2/5 checks since last best)
Iter 0600 | Val RelErr: 0.017873
  No improvement (3/5 checks since last best)
Iter 0620 | Val RelErr: 0.019517
  No improvement (4/5 checks since last best)
Iter 0640 | Val RelErr: 0.019044
  No improvement (5/5 checks since last best)

Early stopping triggered at iter 640 (no improvement for 5 consecutive val checks). Reporting best checkpoint from iter 540.
Evaluating TRAIN region: 0 calls [00:00, ? calls/s]Evaluating TRAIN region (done, 86 calls): : 0 calls [00:00, ? calls/s]Evaluating TRAIN region (done, 86 calls): : 0 calls [00:00, ? calls/s]
Evaluating VAL region: 0 calls [00:00, ? calls/s]Evaluating VAL region (done, 86 calls): : 0 calls [00:00, ? calls/s]Evaluating VAL region (done, 86 calls): : 0 calls [00:00, ? calls/s]
Evaluating TEST region (held out): 0 calls [00:00, ? calls/s]Evaluating TEST region (held out) (done, 86 calls): : 0 calls [00:00, ? calls/s]Evaluating TEST region (held out) (done, 86 calls): : 0 calls [00:00, ? calls/s]

Training complete (stopped_early=True, best_iter=540).
  TRAIN relerr: 0.016891 (NFE: 86)
  VAL   relerr: 0.017200 (NFE: 86)  [selection criterion]
  TEST  relerr: 0.018384 (NFE: 86)  [held out, reported once]
Saved run summary to results/results_table5_CDR_none_d3_seed0.json
