The device being used is cpu.
Dataset: ELM | Seed: 1 | Basis: monomial | Degree: 3 | T: 1.0
Split sizes: train=1740 val=497 test=249 | input_dim=15 output_dim=10
Trainable Parameters: 5095
Iter 0020 | Val RelErr: 0.339587
Iter 0040 | Val RelErr: 0.311800
Iter 0060 | Val RelErr: 0.303224
Iter 0080 | Val RelErr: 0.311085
  No improvement (1/5 checks since last best)
Iter 0100 | Val RelErr: 0.295234
Iter 0120 | Val RelErr: 0.293093
Iter 0140 | Val RelErr: 0.297801
  No improvement (1/5 checks since last best)
Iter 0160 | Val RelErr: 0.292507
Iter 0180 | Val RelErr: 0.296141
  No improvement (1/5 checks since last best)
Iter 0200 | Val RelErr: 0.285779
Iter 0220 | Val RelErr: 0.311216
  No improvement (1/5 checks since last best)
Iter 0240 | Val RelErr: 0.284938
Iter 0260 | Val RelErr: 0.301206
  No improvement (1/5 checks since last best)
Iter 0280 | Val RelErr: 0.301203
  No improvement (2/5 checks since last best)
Iter 0300 | Val RelErr: 0.289382
  No improvement (3/5 checks since last best)
Iter 0320 | Val RelErr: 0.276911
Iter 0340 | Val RelErr: 0.276936
  No improvement (1/5 checks since last best)
Iter 0360 | Val RelErr: 0.267926
Iter 0380 | Val RelErr: 0.293303
  No improvement (1/5 checks since last best)
Iter 0400 | Val RelErr: 0.277226
  No improvement (2/5 checks since last best)
Iter 0420 | Val RelErr: 0.280805
  No improvement (3/5 checks since last best)
Iter 0440 | Val RelErr: 0.271842
  No improvement (4/5 checks since last best)
Iter 0460 | Val RelErr: 0.270793
  No improvement (5/5 checks since last best)

Early stopping triggered at iter 460 (no improvement for 5 consecutive val checks). Reporting best checkpoint from iter 360.
Evaluating TRAIN region: 0 calls [00:00, ? calls/s]Evaluating TRAIN region (done, 230 calls): : 0 calls [00:36, ? calls/s]Evaluating TRAIN region (done, 230 calls): : 0 calls [00:36, ? calls/s]
Evaluating VAL region: 0 calls [00:00, ? calls/s]Evaluating VAL region (done, 272 calls): : 0 calls [00:12, ? calls/s]Evaluating VAL region (done, 272 calls): : 0 calls [00:12, ? calls/s]
Evaluating TEST region (held out): 0 calls [00:00, ? calls/s]Evaluating TEST region (held out) (done, 218 calls): : 0 calls [00:04, ? calls/s]Evaluating TEST region (held out) (done, 218 calls): : 0 calls [00:04, ? calls/s]

Training complete (stopped_early=True, best_iter=360).
  TRAIN relerr: 0.270227 (NFE: 230)
  VAL   relerr: 0.267926 (NFE: 272)  [selection criterion]
  TEST  relerr: 0.256354 (NFE: 218)  [held out, reported once]
Saved run summary to results/results_table5_ELM_monomial_d3_seed1.json
