The device being used is cpu.
Dataset: ELM | Seed: 0 | Basis: legendre | Degree: 3 | T: 1.0
Split sizes: train=1740 val=497 test=249 | input_dim=15 output_dim=10
Trainable Parameters: 5095
Iter 0020 | Val RelErr: 0.365978
Iter 0040 | Val RelErr: 0.314887
Iter 0060 | Val RelErr: 0.302687
Iter 0080 | Val RelErr: 0.292417
Iter 0100 | Val RelErr: 0.290545
Iter 0120 | Val RelErr: 0.295581
  No improvement (1/5 checks since last best)
Iter 0140 | Val RelErr: 0.283735
Iter 0160 | Val RelErr: 0.296286
  No improvement (1/5 checks since last best)
Iter 0180 | Val RelErr: 0.296359
  No improvement (2/5 checks since last best)
Iter 0200 | Val RelErr: 0.289382
  No improvement (3/5 checks since last best)
Iter 0220 | Val RelErr: 0.276132
Iter 0240 | Val RelErr: 0.283333
  No improvement (1/5 checks since last best)
Iter 0260 | Val RelErr: 0.272279
Iter 0280 | Val RelErr: 0.294255
  No improvement (1/5 checks since last best)
Iter 0300 | Val RelErr: 0.275361
  No improvement (2/5 checks since last best)
Iter 0320 | Val RelErr: 0.278515
  No improvement (3/5 checks since last best)
Iter 0340 | Val RelErr: 0.265257
Iter 0360 | Val RelErr: 0.269637
  No improvement (1/5 checks since last best)
Iter 0380 | Val RelErr: 0.255428
Iter 0400 | Val RelErr: 0.260479
  No improvement (1/5 checks since last best)
Iter 0420 | Val RelErr: 0.249252
Iter 0440 | Val RelErr: 0.247501
Iter 0460 | Val RelErr: 0.285836
  No improvement (1/5 checks since last best)
Iter 0480 | Val RelErr: 0.259919
  No improvement (2/5 checks since last best)
Iter 0500 | Val RelErr: 0.247448
Iter 0520 | Val RelErr: 0.247362
Iter 0540 | Val RelErr: 0.246184
Iter 0560 | Val RelErr: 0.235317
Iter 0580 | Val RelErr: 0.237699
  No improvement (1/5 checks since last best)
Iter 0600 | Val RelErr: 0.245197
  No improvement (2/5 checks since last best)
Iter 0620 | Val RelErr: 0.245612
  No improvement (3/5 checks since last best)
Iter 0640 | Val RelErr: 0.243589
  No improvement (4/5 checks since last best)
Iter 0660 | Val RelErr: 0.245858
  No improvement (5/5 checks since last best)

Early stopping triggered at iter 660 (no improvement for 5 consecutive val checks). Reporting best checkpoint from iter 560.
Evaluating TRAIN region: 0 calls [00:00, ? calls/s]Evaluating TRAIN region (done, 266 calls): : 0 calls [00:40, ? calls/s]Evaluating TRAIN region (done, 266 calls): : 0 calls [00:40, ? calls/s]
Evaluating VAL region: 0 calls [00:00, ? calls/s]Evaluating VAL region (done, 260 calls): : 0 calls [00:11, ? calls/s]Evaluating VAL region (done, 260 calls): : 0 calls [00:11, ? calls/s]
Evaluating TEST region (held out): 0 calls [00:00, ? calls/s]Evaluating TEST region (held out) (done, 230 calls): : 0 calls [00:04, ? calls/s]Evaluating TEST region (held out) (done, 230 calls): : 0 calls [00:04, ? calls/s]

Training complete (stopped_early=True, best_iter=560).
  TRAIN relerr: 0.240903 (NFE: 266)
  VAL   relerr: 0.235317 (NFE: 260)  [selection criterion]
  TEST  relerr: 0.230394 (NFE: 230)  [held out, reported once]
Saved run summary to results/results_table5_ELM_legendre_d3_seed0.json
